// Jest Snapshot v1, https://goo.gl/fbAQLP

exports[`<Seconds /> should match snapshot 1`] = `
<span>
  0
</span>
`;
